[abusinesstheme.com/demo/palas/index.html]
[backblue.gif]
[fade.gif]
[index.html]
[abusinesstheme.com/cdn-cgi/apps/head/ZY9A0AAlwdpt2cO4aZb21XgSNxg.js]
[maxcdn.bootstrapcdn.com/bootstrap/3.3.1/css/bootstrap.min.css]
[maxcdn.bootstrapcdn.com/font-awesome/4.2.0/css/font-awesome.min.css]
[abusinesstheme.com/demo/palas/plugins/rs-plugin/css/settings.css]
[abusinesstheme.com/demo/palas/css/style.css]
[abusinesstheme.com/demo/palas/index-2.html]
[abusinesstheme.com/demo/palas/index_02.html]
[abusinesstheme.com/demo/palas/index_09.html]
[abusinesstheme.com/demo/palas/index_06.html]
[abusinesstheme.com/demo/palas/index_13.html]
[abusinesstheme.com/demo/palas/index_10.html]
[abusinesstheme.com/demo/palas/index_14.html]
[abusinesstheme.com/demo/palas/index_04.html]
[abusinesstheme.com/demo/palas/index_15.html]
[abusinesstheme.com/demo/palas/index_05.html]
[abusinesstheme.com/demo/palas/index_11.html]
[abusinesstheme.com/demo/palas/index_08.html]
[abusinesstheme.com/demo/palas/index_12.html]
[abusinesstheme.com/demo/palas/index_03.html]
[abusinesstheme.com/demo/palas/index_07.html]
[abusinesstheme.com/demo/palas/page_about.html]
[abusinesstheme.com/demo/palas/page_about_2.html]
[abusinesstheme.com/demo/palas/page_about_3.html]
[abusinesstheme.com/demo/palas/page_about_4.html]
[abusinesstheme.com/demo/palas/page_team.html]
[abusinesstheme.com/demo/palas/page_team_2.html]
[abusinesstheme.com/demo/palas/page_team_3.html]
[abusinesstheme.com/demo/palas/page_team_4.html]
[abusinesstheme.com/demo/palas/page_services.html]
[abusinesstheme.com/demo/palas/page_services_2.html]
[abusinesstheme.com/demo/palas/page_services_3.html]
[abusinesstheme.com/demo/palas/page_services_4.html]
[abusinesstheme.com/demo/palas/page_contact.html]
[abusinesstheme.com/demo/palas/page_contact_2.html]
[abusinesstheme.com/demo/palas/page_contact_3.html]
[abusinesstheme.com/demo/palas/page_clients.html]
[abusinesstheme.com/demo/palas/page_pricing.html]
[abusinesstheme.com/demo/palas/page_faq.html]
[abusinesstheme.com/demo/palas/page_faq_2.html]
[abusinesstheme.com/demo/palas/page_sign_in.html]
[abusinesstheme.com/demo/palas/page_sign_up.html]
[abusinesstheme.com/demo/palas/page_404.html]
[abusinesstheme.com/demo/palas/page_403.html]
[abusinesstheme.com/demo/palas/page_sidebar.html]
[abusinesstheme.com/demo/palas/page_sidebars.html]
[abusinesstheme.com/demo/palas/page_sidebar_navigation.html]
[abusinesstheme.com/demo/palas/blog_list_small.html]
[abusinesstheme.com/demo/palas/blog_list_large.html]
[abusinesstheme.com/demo/palas/blog_grid.html]
[abusinesstheme.com/demo/palas/blog_grid_sidebar.html]
[abusinesstheme.com/demo/palas/blog_masonry.html]
[abusinesstheme.com/demo/palas/blog_masonry_sidebar.html]
[abusinesstheme.com/demo/palas/blog_post.html]
[abusinesstheme.com/demo/palas/blog_post_sidebar.html]
[abusinesstheme.com/demo/palas/portfolio.html]
[abusinesstheme.com/demo/palas/portfolio_2.html]
[abusinesstheme.com/demo/palas/portfolio_3.html]
[abusinesstheme.com/demo/palas/portfolio_4.html]
[abusinesstheme.com/demo/palas/portfolio_boxed.html]
[abusinesstheme.com/demo/palas/portfolio_sidebar.html]
[abusinesstheme.com/demo/palas/portfolio_project_wide.html]
[abusinesstheme.com/demo/palas/portfolio_project_half.html]
[abusinesstheme.com/demo/palas/shop_products.html]
[abusinesstheme.com/demo/palas/shop_products_sidebar.html]
[abusinesstheme.com/demo/palas/shop_product.html]
[abusinesstheme.com/demo/palas/portfolio_project_sidebar.html]
[abusinesstheme.com/demo/palas/shop_product_sidebar.html]
[abusinesstheme.com/demo/palas/shop_account.html]
[abusinesstheme.com/demo/palas/shop_cart.html]
[abusinesstheme.com/demo/palas/shop_checkout.html]
[abusinesstheme.com/demo/palas/shortcodes.html]
[abusinesstheme.com/demo/palas/images/demo/bg11.jpg]
[abusinesstheme.com/demo/palas/images/demo/bg14.jpg]
[abusinesstheme.com/demo/palas/images/demo/bg15.jpg]
[abusinesstheme.com/demo/palas/images/demo/bg17.jpg]
[abusinesstheme.com/demo/palas/images/demo/p01.jpg]
[abusinesstheme.com/demo/palas/images/demo/p11.jpg]
[abusinesstheme.com/demo/palas/images/demo/p03.jpg]
[abusinesstheme.com/demo/palas/images/demo/p04.jpg]
[abusinesstheme.com/demo/palas/images/demo/p05.jpg]
[abusinesstheme.com/demo/palas/images/demo/p06.jpg]
[abusinesstheme.com/demo/palas/images/demo/team1.jpg]
[abusinesstheme.com/demo/palas/images/demo/team2.jpg]
[abusinesstheme.com/demo/palas/images/demo/team3.jpg]
[abusinesstheme.com/demo/palas/images/demo/team4.jpg]
[abusinesstheme.com/demo/palas/images/demo/team5.jpg]
[abusinesstheme.com/demo/palas/images/demo/team6.jpg]
[abusinesstheme.com/demo/palas/images/demo/client01a.png]
[abusinesstheme.com/demo/palas/images/demo/client02a.png]
[abusinesstheme.com/demo/palas/images/demo/client03a.png]
[abusinesstheme.com/demo/palas/images/demo/client04a.png]
[abusinesstheme.com/demo/palas/images/demo/client05a.png]
[abusinesstheme.com/demo/palas/images/demo/client06a.png]
[abusinesstheme.com/demo/palas/images/demo/client07a.png]
[abusinesstheme.com/demo/palas/images/demo/client08a.png]
[ajax.googleapis.com/ajax/libs/jquery/2.1.1/jquery.min.js]
[abusinesstheme.com/demo/palas/index.html]
[maxcdn.bootstrapcdn.com/bootstrap/3.3.1/js/bootstrap.min.js]
[fonts.googleapis.com/cssb83a.css]
[maxcdn.bootstrapcdn.com/bootstrap/3.3.1/css/bootstrap.min.css]
[maxcdn.bootstrapcdn.com/font-awesome/4.2.0/css/font-awesome.min.css]
[abusinesstheme.com/demo/palas/css/void.css]
[abusinesstheme.com/demo/palas/plugins/rs-plugin/images/gradient/g30.png]
[abusinesstheme.com/demo/palas/js/script.js]
[abusinesstheme.com/demo/palas/plugins/rs-plugin/images/gradient/g40.png]
[abusinesstheme.com/demo/palas/plugins/rs-plugin/assets/shadow1.png]
[abusinesstheme.com/demo/palas/_demo/rs-slider.js]
[abusinesstheme.com/demo/palas/plugins/rs-plugin/assets/shadow2.png]
[abusinesstheme.com/demo/palas/plugins/rs-plugin/assets/shadow3.png]
[abusinesstheme.com/demo/palas/plugins/rs-plugin/assets/gridtile.png]
[abusinesstheme.com/demo/palas/plugins/rs-plugin/assets/gridtile_white.png]
[abusinesstheme.com/demo/palas/plugins/rs-plugin/assets/gridtile_3x3.png]
[abusinesstheme.com/demo/palas/plugins/rs-plugin/assets/gridtile_3x3_white.png]
[abusinesstheme.com/demo/palas/plugins/rs-plugin/assets/boxed_bgtile.png]
[abusinesstheme.com/demo/palas/plugins/rs-plugin/assets/navigdots_bgtile.png]
[abusinesstheme.com/demo/palas/plugins/rs-plugin/assets/bullet.png]
[abusinesstheme.com/demo/palas/plugins/rs-plugin/assets/bullets.png]
[abusinesstheme.com/demo/palas/plugins/rs-plugin/assets/bullets2.png]
[abusinesstheme.com/demo/palas/plugins/rs-plugin/assets/bullet_boxed.png]
[abusinesstheme.com/demo/palas/plugins/rs-plugin/assets/navigdots.png]
[abusinesstheme.com/demo/palas/plugins/rs-plugin/assets/large_left.png]
[abusinesstheme.com/demo/palas/plugins/rs-plugin/assets/large_right.png]
[abusinesstheme.com/demo/palas/plugins/rs-plugin/assets/small_left.png]
[abusinesstheme.com/demo/palas/plugins/rs-plugin/assets/small_right.png]
[abusinesstheme.com/demo/palas/plugins/rs-plugin/assets/arrow_left.png]
[abusinesstheme.com/demo/palas/plugins/rs-plugin/assets/arrow_right.png]
[abusinesstheme.com/demo/palas/plugins/rs-plugin/assets/small_left_boxed.png]
[abusinesstheme.com/demo/palas/plugins/rs-plugin/assets/small_right_boxed.png]
[abusinesstheme.com/demo/palas/plugins/rs-plugin/assets/arrowleft.png]
[abusinesstheme.com/demo/palas/plugins/rs-plugin/assets/arrowright.png]
[abusinesstheme.com/demo/palas/plugins/rs-plugin/assets/arrow_left2.png]
[abusinesstheme.com/demo/palas/plugins/rs-plugin/assets/arrow_right2.png]
[abusinesstheme.com/demo/palas/plugins/rs-plugin/assets/timer.png]
[abusinesstheme.com/demo/palas/plugins/rs-plugin/assets/coloredbg.png]
[abusinesstheme.com/demo/palas/plugins/rs-plugin/assets/loader.gif]
[abusinesstheme.com/demo/palas/plugins/rs-plugin/font/revicons90c6.woff]
[abusinesstheme.com/demo/palas/plugins/rs-plugin/font/revicons90c6.ttf]
[abusinesstheme.com/demo/palas/plugins/rs-plugin/font/revicons90c6.eot]
[abusinesstheme.com/demo/palas/plugins/rs-plugin/css/settings.css]
[abusinesstheme.com/demo/palas/plugins/rs-plugin/font/revicons90c6.svg]
[abusinesstheme.com/demo/palas/plugins/elegant_font/html_css/fonts/ElegantIcons.ttf]
[abusinesstheme.com/demo/palas/plugins/elegant_font/html_css/fonts/ElegantIcons.eot]
[abusinesstheme.com/demo/palas/plugins/elegant_font/html_css/fonts/ElegantIconsd41d.eot]
[abusinesstheme.com/demo/palas/plugins/owl-carousel/grabbing.png]
[abusinesstheme.com/demo/palas/plugins/owl-carousel/AjaxLoader.gif]
[abusinesstheme.com/demo/palas/plugins/elegant_font/html_css/fonts/ElegantIcons.svg]
[abusinesstheme.com/demo/palas/images/preloader.gif]
[abusinesstheme.com/demo/palas/images/demo/bg01.jpg]
[abusinesstheme.com/demo/palas/images/demo/bg02.jpg]
[abusinesstheme.com/demo/palas/plugins/elegant_font/html_css/fonts/ElegantIcons.woff]
[abusinesstheme.com/demo/palas/images/demo/bg03.jpg]
[abusinesstheme.com/demo/palas/images/demo/bg04.jpg]
[abusinesstheme.com/demo/palas/images/demo/bg05.jpg]
[abusinesstheme.com/demo/palas/images/demo/bg06.jpg]
[abusinesstheme.com/demo/palas/images/demo/bg07.jpg]
[abusinesstheme.com/demo/palas/images/demo/bg08.jpg]
[abusinesstheme.com/demo/palas/images/demo/bg09.jpg]
[abusinesstheme.com/demo/palas/images/demo/bg10.jpg]
[abusinesstheme.com/demo/palas/images/demo/bg12.jpg]
[abusinesstheme.com/demo/palas/images/demo/bg13.jpg]
[abusinesstheme.com/demo/palas/images/demo/bg16.jpg]
[abusinesstheme.com/demo/palas/images/demo/bg18.jpg]
[abusinesstheme.com/demo/palas/images/demo/bg19.jpg]
[abusinesstheme.com/demo/palas/images/patterns/19.png]
[abusinesstheme.com/demo/palas/images/logo-light.png]
[abusinesstheme.com/demo/palas/images/logo.png]
[abusinesstheme.com/demo/palas/images/cursor_move.png]
[abusinesstheme.com/demo/palas/images/map.png]
[abusinesstheme.com/demo/palas/css/style.css]
[abusinesstheme.com/demo/palas/index-2.html]
[abusinesstheme.com/demo/palas/images/demo/client01.png]
[abusinesstheme.com/demo/palas/images/demo/client02.png]
[abusinesstheme.com/demo/palas/images/demo/client03.png]
[abusinesstheme.com/demo/palas/images/demo/client04.png]
[abusinesstheme.com/demo/palas/images/demo/client05.png]
[abusinesstheme.com/demo/palas/images/demo/client06.png]
[abusinesstheme.com/demo/palas/images/demo/client07.png]
[abusinesstheme.com/demo/palas/images/demo/client08.png]
[abusinesstheme.com/demo/palas/index_02.html]
[abusinesstheme.com/demo/palas/plugins/jquery.simple-text-rotator.min.js]
[abusinesstheme.com/demo/palas/images/demo/p02.jpg]
[abusinesstheme.com/demo/palas/images/demo/p12.jpg]
[abusinesstheme.com/demo/palas/index_09.html]
[abusinesstheme.com/demo/palas/images/demo/p07.jpg]
[abusinesstheme.com/demo/palas/index_06.html]
[abusinesstheme.com/demo/palas/videos/work.jpg]
[abusinesstheme.com/demo/palas/videos/work.mp4]
[abusinesstheme.com/demo/palas/videos/work.webm]
[abusinesstheme.com/demo/palas/index_13.html]
[abusinesstheme.com/demo/palas/images/demo/p08.jpg]
[abusinesstheme.com/demo/palas/index_10.html]
[abusinesstheme.com/demo/palas/index_14.html]
[abusinesstheme.com/demo/palas/index_04.html]
[abusinesstheme.com/demo/palas/index_15.html]
[abusinesstheme.com/demo/palas/index_05.html]
[abusinesstheme.com/demo/palas/plugins/magnific-popup/jquery.magnific-popup.min.js]
[abusinesstheme.com/demo/palas/index_11.html]
[abusinesstheme.com/demo/palas/index_08.html]
[abusinesstheme.com/demo/palas/index_12.html]
[abusinesstheme.com/demo/palas/index_03.html]
[abusinesstheme.com/demo/palas/index_07.html]
[abusinesstheme.com/demo/palas/images/demo/office1.jpg]
[abusinesstheme.com/demo/palas/images/demo/office2.jpg]
[abusinesstheme.com/demo/palas/images/demo/office3.jpg]
[abusinesstheme.com/demo/palas/images/demo/office4.jpg]
[abusinesstheme.com/demo/palas/page_about.html]
[abusinesstheme.com/demo/palas/page_about_2.html]
[abusinesstheme.com/demo/palas/images/demo/img01.png]
[abusinesstheme.com/demo/palas/page_about_3.html]
[abusinesstheme.com/demo/palas/page_about_4.html]
[abusinesstheme.com/demo/palas/page_team.html]
[abusinesstheme.com/demo/palas/page_team_2.html]
[abusinesstheme.com/demo/palas/page_team_3.html]
[abusinesstheme.com/demo/palas/page_team_4.html]
[abusinesstheme.com/demo/palas/page_services.html]
[abusinesstheme.com/demo/palas/page_services_2.html]
[abusinesstheme.com/demo/palas/page_services_3.html]
[abusinesstheme.com/demo/palas/plugins/magnific-popup/magnific-popup.css]
[abusinesstheme.com/demo/palas/page_services_4.html]
[abusinesstheme.com/cdn-cgi/scripts/5c5dd728/cloudflare-static/email-decode.min.js]
[www.google.com/recaptcha/api.js]
[abusinesstheme.com/demo/palas/page_contact.html]
[abusinesstheme.com/demo/palas/plugins/jquery.validate.min.js]
[abusinesstheme.com/demo/palas/page_contact_2.html]
[abusinesstheme.com/demo/palas/page_contact_3.html]
[abusinesstheme.com/demo/palas/page_clients.html]
[abusinesstheme.com/demo/palas/page_pricing.html]
[abusinesstheme.com/demo/palas/page_faq.html]
[abusinesstheme.com/demo/palas/page_faq_2.html]
[abusinesstheme.com/demo/palas/page_sign_in.html]
[abusinesstheme.com/demo/palas/page_sign_up.html]
[abusinesstheme.com/demo/palas/page_404.html]
[abusinesstheme.com/demo/palas/page_403.html]
[abusinesstheme.com/demo/palas/blog_single_left.html]
[abusinesstheme.com/demo/palas/page_sidebar.html]
[abusinesstheme.com/demo/palas/page_sidebars.html]
[abusinesstheme.com/demo/palas/page_sidebar_navigation.html]
[abusinesstheme.com/demo/palas/blog_list_small.html]
[abusinesstheme.com/demo/palas/plugins/jflickrfeed.min.js]
[abusinesstheme.com/demo/palas/images/demo/blog01.jpg]
[abusinesstheme.com/demo/palas/images/demo/blog02.jpg]
[abusinesstheme.com/demo/palas/images/demo/blog03.jpg]
[abusinesstheme.com/demo/palas/images/demo/blog04.jpg]
[abusinesstheme.com/demo/palas/blog_list_large.html]
[abusinesstheme.com/demo/palas/images/demo/p10.jpg]
[abusinesstheme.com/demo/palas/images/demo/p09.jpg]
[abusinesstheme.com/demo/palas/blog_grid.html]
[abusinesstheme.com/demo/palas/blog_grid_sidebar.html]
[abusinesstheme.com/demo/palas/blog_masonry.html]
[abusinesstheme.com/demo/palas/blog_masonry_sidebar.html]
[abusinesstheme.com/demo/palas/plugins/sharrre/jquery.sharrre.min.js]
[abusinesstheme.com/demo/palas/blog_post.html]
[abusinesstheme.com/demo/palas/blog_post_sidebar.html]
[abusinesstheme.com/demo/palas/images/demo/p13.jpg]
[abusinesstheme.com/demo/palas/portfolio.html]
[abusinesstheme.com/demo/palas/portfolio_2.html]
[abusinesstheme.com/demo/palas/portfolio_3.html]
[abusinesstheme.com/demo/palas/portfolio_4.html]
[abusinesstheme.com/demo/palas/portfolio_boxed.html]
[abusinesstheme.com/demo/palas/portfolio_sidebar.html]
[abusinesstheme.com/demo/palas/portfolio_project_wide.html]
[abusinesstheme.com/demo/palas/portfolio_project_half.html]
[abusinesstheme.com/demo/palas/portfolio_project_sidebar.html]
[abusinesstheme.com/demo/palas/plugins/rangeSlider/css/ion.rangeSlider.css]
[abusinesstheme.com/demo/palas/images/demo/shop01.jpg]
[abusinesstheme.com/demo/palas/images/demo/shop02.jpg]
[abusinesstheme.com/demo/palas/images/demo/shop03.jpg]
[abusinesstheme.com/demo/palas/images/demo/shop21.jpg]
[abusinesstheme.com/demo/palas/images/demo/shop22.jpg]
[abusinesstheme.com/demo/palas/images/demo/shop23.jpg]
[abusinesstheme.com/demo/palas/images/demo/shop11.jpg]
[abusinesstheme.com/demo/palas/images/demo/shop12.jpg]
[abusinesstheme.com/demo/palas/images/demo/shop13.jpg]
[abusinesstheme.com/demo/palas/plugins/raty/jquery.raty.min.js]
[abusinesstheme.com/demo/palas/shop_products.html]
[abusinesstheme.com/demo/palas/shop_products_sidebar.html]
[abusinesstheme.com/demo/palas/plugins/rangeSlider/js/ion.rangeSlider.min.js]
[abusinesstheme.com/demo/palas/plugins/jquery.zoom.min.js]
[abusinesstheme.com/demo/palas/shop_product.html]
[abusinesstheme.com/demo/palas/shop_product_sidebar.html]
[abusinesstheme.com/demo/palas/shop_account.html]
[abusinesstheme.com/demo/palas/images/demo/shop04.jpg]
[abusinesstheme.com/demo/palas/shop_grid_sidebar.html]
[abusinesstheme.com/demo/palas/shop_cart.html]
[abusinesstheme.com/demo/palas/shop_checkout.html]
[abusinesstheme.com/demo/palas/shortcodes.html]
[abusinesstheme.com/demo/palas/plugins/rs-plugin/font/revicons90c6.svg]
[abusinesstheme.com/demo/palas/plugins/elegant_font/html_css/fonts/ElegantIcons.svg]
[abusinesstheme.com/demo/palas/videos/work.html]
[abusinesstheme.com/demo/palas/videos/work-2.html]
[abusinesstheme.com/demo/palas/plugins/magnific-popup/magnific-popup.css]
[abusinesstheme.com/demo/palas/blog_single_left.html]
[abusinesstheme.com/demo/palas/plugins/rangeSlider/img/sprite-skin-flat.png]
[abusinesstheme.com/demo/palas/plugins/rangeSlider/css/ion.rangeSlider.css]
[abusinesstheme.com/demo/palas/shop_grid_sidebar.html]
